 THIS SOFTWARE AND ANY ACCOMPANYING DOCUMENTATION
 IS RELEASED "AS IS".  THE U.S. GOVERNMENT MAKES NO
 WARRANTY OF ANY KIND, EXPRESS OR IMPLIED, CONCERNING
 THIS SOFTWARE AND ANY ACCOMPANYING DOCUMENTATION,
 INCLUDING, WITHOUT LIMITATION, ANY WARRANTIES OF
 MERCHANTABILITY OR FITNESS FOR A PARTICULAR PURPOSE.
 IN NO EVENT WILL THE U.S. GOVERNMENT BE LIABLE FOR ANY
 DAMAGES, INCLUDING LOST PROFITS, LOST SAVINGS OR OTHER
 INCIDENTAL OR CONSEQUENTIAL DAMAGES ARISING OUT OF THE 
 USE, OR INABILITY TO USE, THIS SOFTWARE OR ANY
 ACCOMPANYING DOCUMENTATION, EVEN IF INFORMED IN ADVANCE
 OF THE POSSIBILITY OF SUCH DAMAGES.
  ****************************************************
  *    USAF STABILITY AND CONTROL  DIGITAL DATCOM    *
  *    PROGRAM REV. JAN 96   DIRECT INQUIRIES TO:    *
  *    WRIGHT LABORATORY  (WL/FIGC)  ATTN: W. BLAKE  *
  *      WRIGHT PATTERSON AFB, OHIO  45433           *
  *    PHONE (513) 255-6764,   FAX (513) 258-4054    *
  ****************************************************
 Preparing to start the big loop
 At 1000
1                         CONERR - INPUT ERROR CHECKING
0 ERROR CODES - N* DENOTES THE NUMBER OF OCCURENCES OF EACH ERROR
0 A - UNKNOWN VARIABLE NAME
0 B - MISSING EQUAL SIGN FOLLOWING VARIABLE NAME
0 C - NON-ARRAY VARIABLE HAS AN ARRAY ELEMENT DESIGNATION - (N)
0 D - NON-ARRAY VARIABLE HAS MULTIPLE VALUES ASSIGNED
0 E - ASSIGNED VALUES EXCEED ARRAY DIMENSION
0 F - SYNTAX ERROR

0******************************  INPUT DATA CARDS  ******************************

 CASEID Wing + Body + Aileron                                                    
 DIM M                                                                           
 DERIV RAD                                                                       
  $FLTCON                                                                        
   LOOP=3.0,                                                                     
   NMACH=1.0,                                                                    
   MACH(1)=0.16,                                                                 
   NALT=1.0,                                                                     
   ALT(1)=1500.0,                                                                
   NALPHA=12.0,                                                                  
   ALSCHD(1)=-7.5,-5.0,-2.5,0.0,2.5,5.,7.5,10.,15.,17.,18.,19.5$                 
  $SYNTHS                                                                        
   XCG=2.11,                                                                     
   ZCG=1.26,                                                                     
   XW=1.68,                                                                      
   ZW=2.04,                                                                      
   ALIW=1.5,                                                                     
   XH=6.16,                                                                      
   ZH=1.68,                                                                      
   ALIH=0.0,                                                                     
   XV=5.88,                                                                      
   ZV=1.55,                                                                      
   SCALE=1.0,                                                                    
   VERTUP=.TRUE.$                                                                
  $BODY                                                                          
   NX=8.0,                                                                       
   ITYPE=2.0,                                                                    
   METHOD=2.0,                                                                   
   X(1)=0.10,0.30,0.77,1.22,1.68,3.40,3.91,7.41,                                 
   R(1)=0.14,0.32,0.49,0.52,0.72,0.59,0.44,0.10,                                 
   ZU(1)=1.42,1.49,1.59,1.65,2.04,1.98,1.77,1.75,                                
   ZL(1)=1.14,0.85,0.61,0.61,0.61,0.80,0.90,1.55$                                
 NACA-W-4-2412                                                                   
  $WGPLNF                                                                        
   CHRDR=1.626,                                                                  
   CHRDBP=1.626,                                                                 
   CHRDTP=1.13,                                                                  
   SSPN=5.49,                                                                    
   SSPNE=4.75,                                                                   
   SSPNOP=2.941,                                                                 
   SAVSI=0.0,                                                                    
   SAVSO=3.0,                                                                    
   CHSTAT=0.0,                                                                   
   TWISTA=-3.0,                                                                  
   DHDADI=1.7333,                                                                
   DHDADO=1.7333,                                                                
   TYPE=1.0$                                                                     
  $ASYFLP                                                                        
   NDELTA=9.0,                                                                   
   STYPE=4.0,                                                                    
   DELTAL(1)=-15.,-10.,-5.,-2.5,0.,5.,10.,15.,20.,                               
   DELTAR(1)=20.,15.,10.,5.,0.,-2.5,-5.,-10.,-15.,                               
   CHRDFI=0.312,                                                                 
   CHRDFO=0.312,                                                                 
   SPANFI=2.44,                                                                  
   SPANFO=5.15$                                                                  
 SAVE                                                                            
 NEXT CASE                                                                       
 CASEID Wing + Body + Vertical Tail + Horizontal Tail + Elevator                 
 NACA-V-4-0009                                                                   
  $VTPLNF                                                                        
   CHRDR=1.53,                                                                   
   CHRDTP=0.70,                                                                  
   SSPN=1.62,                                                                    
   SSPNE=1.42,                                                                   
   SAVSI=33.0,                                                                   
   CHSTAT=0.25,                                                                  
   TYPE=1.0$                                                                     
 NACA-H-4-0012                                                                   
  $HTPLNF                                                                        
   CHRDR=1.24,                                                                   
   CHRDTP=0.77,                                                                  
   SSPN=1.73,                                                                    
   SSPNE=1.50,                                                                   
   SAVSI=9.0,                                                                    
   CHSTAT=0.0,                                                                   
   TWISTA=0.0,                                                                   
   DHDADI=0.0,                                                                   
   TYPE=1.0$                                                                     
  $SYMFLP                                                                        
   FTYPE=1.0,                                                                    
   SPANFI=0.23,                                                                  
   SPANFO=1.727,                                                                 
   CHRDFI=0.56,                                                                  
   CHRDFO=0.27,                                                                  
   NTYPE=1.0,                                                                    
   NDELTA=9.0,                                                                   
   DELTA(1)=-26.0,-20.0,-10.0,-5.0,0.0,7.5,15.0,22.5,28.0$                       
 DAMP                                                                            
1          THE FOLLOWING IS A LIST OF ALL INPUT CARDS FOR THIS CASE.
0
 CASEID Wing + Body + Aileron                                                    
 DIM M                                                                           
 DERIV RAD                                                                       
  $FLTCON                                                                        
   LOOP=3.0,                                                                     
   NMACH=1.0,                                                                    
   MACH(1)=0.16,                                                                 
   NALT=1.0,                                                                     
   ALT(1)=1500.0,                                                                
   NALPHA=12.0,                                                                  
   ALSCHD(1)=-7.5,-5.0,-2.5,0.0,2.5,5.,7.5,10.,15.,17.,18.,19.5$                 
  $SYNTHS                                                                        
   XCG=2.11,                                                                     
   ZCG=1.26,                                                                     
   XW=1.68,                                                                      
   ZW=2.04,                                                                      
   ALIW=1.5,                                                                     
   XH=6.16,                                                                      
   ZH=1.68,                                                                      
   ALIH=0.0,                                                                     
   XV=5.88,                                                                      
   ZV=1.55,                                                                      
   SCALE=1.0,                                                                    
   VERTUP=.TRUE.$                                                                
  $BODY                                                                          
   NX=8.0,                                                                       
   ITYPE=2.0,                                                                    
   METHOD=2.0,                                                                   
   X(1)=0.10,0.30,0.77,1.22,1.68,3.40,3.91,7.41,                                 
   R(1)=0.14,0.32,0.49,0.52,0.72,0.59,0.44,0.10,                                 
   ZU(1)=1.42,1.49,1.59,1.65,2.04,1.98,1.77,1.75,                                
   ZL(1)=1.14,0.85,0.61,0.61,0.61,0.80,0.90,1.55$                                
 NACA-W-4-2412                                                                   
  $WGPLNF                                                                        
   CHRDR=1.626,                                                                  
   CHRDBP=1.626,                                                                 
   CHRDTP=1.13,                                                                  
   SSPN=5.49,                                                                    
   SSPNE=4.75,                                                                   
   SSPNOP=2.941,                                                                 
   SAVSI=0.0,                                                                    
   SAVSO=3.0,                                                                    
   CHSTAT=0.0,                                                                   
   TWISTA=-3.0,                                                                  
   DHDADI=1.7333,                                                                
   DHDADO=1.7333,                                                                
   TYPE=1.0$                                                                     
  $ASYFLP                                                                        
   NDELTA=9.0,                                                                   
   STYPE=4.0,                                                                    
   DELTAL(1)=-15.,-10.,-5.,-2.5,0.,5.,10.,15.,20.,                               
   DELTAR(1)=20.,15.,10.,5.,0.,-2.5,-5.,-10.,-15.,                               
   CHRDFI=0.312,                                                                 
   CHRDFO=0.312,                                                                 
   SPANFI=2.44,                                                                  
   SPANFO=5.15$                                                                  
 SAVE                                                                            
 NEXT CASE                                                                       
0 INPUT DIMENSIONS ARE IN M , SCALE FACTOR IS 1.0000

 Return to main program from M01O01
1                             AUTOMATED STABILITY AND CONTROL METHODS PER APRIL 1976 VERSION OF DATCOM   
                                                        WING SECTION DEFINITION
0                                 IDEAL ANGLE OF ATTACK =   0.25757 DEG.

                              ZERO LIFT ANGLE OF ATTACK =  -1.87967 DEG.

                                 IDEAL LIFT COEFFICIENT =   0.25602

                  ZERO LIFT PITCHING MOMENT COEFFICIENT =  -0.05087

                             MACH ZERO LIFT-CURVE-SLOPE =   0.09617 /DEG.

                                    LEADING EDGE RADIUS =   0.01587 FRACTION CHORD

                              MAXIMUM AIRFOIL THICKNESS =   0.12000 FRACTION CHORD

                                                DELTA-Y =   3.16898 PERCENT CHORD


0                         MACH= 0.1600 LIFT-CURVE-SLOPE =   0.09716 /DEG.      XAC =   0.25830
 Return to main program from M50O62
 Return to main program from M02O02
 Return to main program from M51O63
1                               AUTOMATED STABILITY AND CONTROL METHODS PER APRIL 1976 VERSION OF DATCOM
                                         CHARACTERISTICS AT ANGLE OF ATTACK AND IN SIDESLIP
                                                       WING-BODY CONFIGURATION
                                                       Wing + Body + Aileron
 
 -----------------------  FLIGHT CONDITIONS  ------------------------           --------------  REFERENCE DIMENSIONS  ------------
  MACH    ALTITUDE   VELOCITY    PRESSURE    TEMPERATURE     REYNOLDS             REF.      REFERENCE LENGTH   MOMENT REF. CENTER
 NUMBER                                                       NUMBER              AREA       LONG.     LAT.     HORIZ      VERT
              M        M/SEC      N/ M**2       DEG K         1/ M                M**2         M         M         M         M
0 0.160    1500.00      53.51   8.4560E+04     278.402     3.2359E+06            16.395      1.511    10.980     2.110     1.260
0                                                               -------------------DERIVATIVE (PER RADIAN)-------------------
0 ALPHA     CD       CL       CM       CN       CA       XCP        CLA          CMA          CYB          CNB          CLB
0
   -7.5    0.025   -0.502   -0.0757  -0.501   -0.040    0.151    5.473E+00    5.432E-01   -1.625E-01   -3.106E-02   -1.694E-01
   -5.0    0.018   -0.270   -0.0545  -0.271   -0.006    0.202    5.169E+00    4.249E-01                             -1.780E-01
   -2.5    0.015   -0.051   -0.0386  -0.052    0.013    0.746    4.950E+00    3.103E-01                             -1.862E-01
    0.0    0.016    0.162   -0.0275   0.162    0.016   -0.170    5.029E+00    1.943E-01                             -1.942E-01
    2.5    0.022    0.388   -0.0216   0.388    0.005   -0.056    5.324E+00    6.271E-02                             -2.026E-01
    5.0    0.033    0.627   -0.0220   0.627   -0.022   -0.035    5.583E+00   -8.258E-02                             -2.115E-01
    7.5    0.050    0.875   -0.0288   0.874   -0.065   -0.033    5.762E+00   -2.332E-01                             -2.208E-01
   10.0    0.072    1.129   -0.0423   1.125   -0.125   -0.038    5.453E+00   -3.740E-01                             -2.303E-01
   15.0    0.119    1.539   -0.0862   1.518   -0.283   -0.057    3.520E+00   -5.849E-01                             -2.456E-01
   17.0    0.133    1.646   -0.1078   1.613   -0.354   -0.067    2.490E+00   -6.297E-01                             -2.496E-01
   18.0    0.138    1.684   -0.1189   1.644   -0.389   -0.072    1.879E+00   -6.331E-01                             -2.510E-01
   19.5    0.143    1.720   -0.1354   1.669   -0.439   -0.081    8.853E-01   -6.251E-01                             -2.524E-01
1                            AUTOMATED STABILITY AND CONTROL METHODS PER APRIL 1976 VERSION OF DATCOM
                                         CHARACTERISTICS OF HIGH LIFT AND CONTROL DEVICES
                                            WING PLAIN TRAILING-EDGE FLAP CONFIGURATION
                                                       Wing + Body + Aileron
 -----------------------  FLIGHT CONDITIONS  ------------------------           --------------  REFERENCE DIMENSIONS  ------------
  MACH    ALTITUDE   VELOCITY    PRESSURE    TEMPERATURE     REYNOLDS             REF.      REFERENCE LENGTH   MOMENT REF. CENTER
 NUMBER                                                       NUMBER              AREA       LONG.     LAT.     HORIZ      VERT
              M        M/SEC      N/ M**2       DEG K         1/ M                M**2         M         M         M         M
0 0.160    1500.00      53.51   3.6885E+01     902.023     3.0062E+05            16.395      1.511    10.980     2.110     1.260
0                           ----------YAWING MOMENT COEFFICIENT,CN,DUE TO CONTROL DEFLECTION----------
0(DELTAL-DELTAR)=-35.0       -25.0       -15.0        -7.5         0.0         7.5        15.0        25.0        35.0
0ALPHA
0
  -7.5        -4.321E-03  -3.318E-03  -2.016E-03  -1.008E-03   0.000E+00   1.008E-03   2.016E-03   3.318E-03   4.321E-03
  -5.0        -2.238E-03  -1.718E-03  -1.044E-03  -5.222E-04   0.000E+00   5.222E-04   1.044E-03   1.718E-03   2.238E-03
  -2.5        -2.783E-04  -2.137E-04  -1.299E-04  -6.493E-05   0.000E+00   6.493E-05   1.299E-04   2.137E-04   2.783E-04
   0.0         1.645E-03   1.263E-03   7.675E-04   3.837E-04   0.000E+00  -3.837E-04  -7.675E-04  -1.263E-03  -1.645E-03
   2.5         3.699E-03   2.840E-03   1.726E-03   8.631E-04   0.000E+00  -8.631E-04  -1.726E-03  -2.840E-03  -3.699E-03
   5.0         5.861E-03   4.500E-03   2.735E-03   1.367E-03   0.000E+00  -1.367E-03  -2.735E-03  -4.500E-03  -5.861E-03
   7.5         8.098E-03   6.218E-03   3.779E-03   1.890E-03   0.000E+00  -1.890E-03  -3.779E-03  -6.218E-03  -8.098E-03
  10.0         1.038E-02   7.970E-03   4.844E-03   2.422E-03   0.000E+00  -2.422E-03  -4.844E-03  -7.970E-03  -1.038E-02
  15.0         1.397E-02   1.072E-02   6.518E-03   3.259E-03   0.000E+00  -3.259E-03  -6.518E-03  -1.072E-02  -1.397E-02
  17.0         1.483E-02   1.138E-02   6.919E-03   3.459E-03   0.000E+00  -3.459E-03  -6.919E-03  -1.138E-02  -1.483E-02
  18.0         1.512E-02   1.161E-02   7.057E-03   3.529E-03   0.000E+00  -3.529E-03  -7.057E-03  -1.161E-02  -1.512E-02
  19.5         1.539E-02   1.181E-02   7.180E-03   3.590E-03   0.000E+00  -3.590E-03  -7.180E-03  -1.181E-02  -1.539E-02
0
0                                            DELTAL          DELTAR          (CL)ROLL
0
                                             -15.0            20.0           -7.8051E-02
                                             -10.0            15.0           -5.9926E-02
                                              -5.0            10.0           -3.6422E-02
                                              -2.5             5.0           -1.8211E-02
                                               0.0             0.0            0.0000E+00
                                               5.0            -2.5            1.8211E-02
                                              10.0            -5.0            3.6422E-02
                                              15.0           -10.0            5.9926E-02
                                              20.0           -15.0            7.8051E-02
 Return to main program from M57O71
1          THE FOLLOWING IS A LIST OF ALL INPUT CARDS FOR THIS CASE.
0
 CASEID Wing + Body + Vertical Tail + Horizontal Tail + Elevator                 
 NACA-V-4-0009                                                                   
  $VTPLNF                                                                        
   CHRDR=1.53,                                                                   
   CHRDTP=0.70,                                                                  
   SSPN=1.62,                                                                    
   SSPNE=1.42,                                                                   
   SAVSI=33.0,                                                                   
   CHSTAT=0.25,                                                                  
   TYPE=1.0$                                                                     
 NACA-H-4-0012                                                                   
  $HTPLNF                                                                        
   CHRDR=1.24,                                                                   
   CHRDTP=0.77,                                                                  
   SSPN=1.73,                                                                    
   SSPNE=1.50,                                                                   
   SAVSI=9.0,                                                                    
   CHSTAT=0.0,                                                                   
   TWISTA=0.0,                                                                   
   DHDADI=0.0,                                                                   
   TYPE=1.0$                                                                     
  $SYMFLP                                                                        
   FTYPE=1.0,                                                                    
   SPANFI=0.23,                                                                  
   SPANFO=1.727,                                                                 
   CHRDFI=0.56,                                                                  
   CHRDFO=0.27,                                                                  
   NTYPE=1.0,                                                                    
   NDELTA=9.0,                                                                   
   DELTA(1)=-26.0,-20.0,-10.0,-5.0,0.0,7.5,15.0,22.5,28.0$                       
 DAMP                                                                            
0ERROR ** FLAP INBOARD SPAN, SPANI = 0.23000E+00, IT IS INSIDE THE BODY AS DEFINED BY SSPN AND SSPNE
          SPANI IS REDEFINED, SPANI = SSPN-SSPNE = 0.23000E+00

0 INPUT DIMENSIONS ARE IN M , SCALE FACTOR IS 1.0000

 Return to main program from M01O01
1                             AUTOMATED STABILITY AND CONTROL METHODS PER APRIL 1976 VERSION OF DATCOM   
                                                        WING SECTION DEFINITION
0                                 IDEAL ANGLE OF ATTACK =   0.25757 DEG.

                              ZERO LIFT ANGLE OF ATTACK =  -1.87967 DEG.

                                 IDEAL LIFT COEFFICIENT =   0.25602

                  ZERO LIFT PITCHING MOMENT COEFFICIENT =  -0.05087

                             MACH ZERO LIFT-CURVE-SLOPE =   0.09617 /DEG.

                                    LEADING EDGE RADIUS =   0.01587 FRACTION CHORD

                              MAXIMUM AIRFOIL THICKNESS =   0.12000 FRACTION CHORD

                                                DELTA-Y =   3.16898 PERCENT CHORD


0                         MACH= 0.1600 LIFT-CURVE-SLOPE =   0.09716 /DEG.      XAC =   0.25830
1                             AUTOMATED STABILITY AND CONTROL METHODS PER APRIL 1976 VERSION OF DATCOM   
                                                   HORIZONTAL TAIL SECTION DEFINITION
0                                 IDEAL ANGLE OF ATTACK =   0.00000 DEG.

                              ZERO LIFT ANGLE OF ATTACK =   0.00000 DEG.

                                 IDEAL LIFT COEFFICIENT =   0.00000

                  ZERO LIFT PITCHING MOMENT COEFFICIENT =   0.00000

                             MACH ZERO LIFT-CURVE-SLOPE =   0.09596 /DEG.

                                    LEADING EDGE RADIUS =   0.01587 FRACTION CHORD

                              MAXIMUM AIRFOIL THICKNESS =   0.12000 FRACTION CHORD

                                                DELTA-Y =   3.16898 PERCENT CHORD


0                         MACH= 0.1600 LIFT-CURVE-SLOPE =   0.09700 /DEG.      XAC =   0.25867
1                             AUTOMATED STABILITY AND CONTROL METHODS PER APRIL 1976 VERSION OF DATCOM   
                                                    VERTICAL TAIL SECTION DEFINITION
0                                 IDEAL ANGLE OF ATTACK =   0.00000 DEG.

                              ZERO LIFT ANGLE OF ATTACK =   0.00000 DEG.

                                 IDEAL LIFT COEFFICIENT =   0.00000

                  ZERO LIFT PITCHING MOMENT COEFFICIENT =   0.00000

                             MACH ZERO LIFT-CURVE-SLOPE =   0.09830 /DEG.

                                    LEADING EDGE RADIUS =   0.00893 FRACTION CHORD

                              MAXIMUM AIRFOIL THICKNESS =   0.09000 FRACTION CHORD

                                                DELTA-Y =   2.37673 PERCENT CHORD


0                         MACH= 0.1600 LIFT-CURVE-SLOPE =   0.09942 /DEG.      XAC =   0.25661
 Return to main program from M50O62
 Return to main program from M02O02
 Return to main program from M51O63
1                               AUTOMATED STABILITY AND CONTROL METHODS PER APRIL 1976 VERSION OF DATCOM
                                         CHARACTERISTICS AT ANGLE OF ATTACK AND IN SIDESLIP
                                        WING-BODY-VERTICAL TAIL-HORIZONTAL TAIL CONFIGURATION
                                     Wing + Body + Vertical Tail + Horizontal Tail + Elevator
 
 -----------------------  FLIGHT CONDITIONS  ------------------------           --------------  REFERENCE DIMENSIONS  ------------
  MACH    ALTITUDE   VELOCITY    PRESSURE    TEMPERATURE     REYNOLDS             REF.      REFERENCE LENGTH   MOMENT REF. CENTER
 NUMBER                                                       NUMBER              AREA       LONG.     LAT.     HORIZ      VERT
              M        M/SEC      N/ M**2       DEG K         1/ M                M**2         M         M         M         M
0 0.160    1500.00      53.51   8.4560E+04     278.402     3.2359E+06            16.395      1.511    10.980     2.110     1.260
0                                                               -------------------DERIVATIVE (PER RADIAN)-------------------
0 ALPHA     CD       CL       CM       CN       CA       XCP        CLA          CMA          CYB          CNB          CLB
0
   -7.5    0.032   -0.562    0.1024  -0.562   -0.042   -0.182    5.862E+00   -1.237E-01   -2.909E-01    2.321E-02   -1.844E-01
   -5.0    0.022   -0.318    0.0872  -0.319   -0.006   -0.274    5.500E+00   -5.499E-01                             -1.921E-01
   -2.5    0.018   -0.083    0.0544  -0.083    0.014   -0.653    5.336E+00   -8.275E-01                             -1.991E-01
    0.0    0.018    0.148    0.0150   0.148    0.018    0.101    5.420E+00   -9.601E-01                             -2.059E-01
    2.5    0.024    0.390   -0.0294   0.391    0.007   -0.075    5.714E+00   -1.093E+00                             -2.130E-01
    5.0    0.036    0.646   -0.0804   0.647   -0.020   -0.124    5.975E+00   -1.254E+00                             -2.208E-01
    7.5    0.055    0.912   -0.1388   0.911   -0.065   -0.152    6.188E+00   -1.514E+00                             -2.289E-01
   10.0    0.081    1.186   -0.2125   1.182   -0.127   -0.180    5.948E+00   -1.872E+00                             -2.374E-01
   15.0    0.138    1.646   -0.4078   1.625   -0.293   -0.251    4.177E+00   -2.604E+00                             -2.507E-01
   17.0    0.158    1.776   -0.5038   1.745   -0.368   -0.289    3.223E+00   -2.890E+00                             -2.536E-01
   18.0    0.166    1.828   -0.5555   1.790   -0.407   -0.310    2.658E+00   -3.041E+00                             -2.545E-01
   19.5    0.178    1.886   -0.6383   1.837   -0.462   -0.347    1.738E+00   -3.284E+00                             -2.549E-01
0                                    ALPHA     Q/QINF    EPSLON  D(EPSLON)/D(ALPHA)
0
                                     -7.5      0.911     -2.816        0.541
                                     -5.0      0.975     -1.464        0.526
                                     -2.5      1.000     -0.185        0.503
                                      0.0      1.000      1.051        0.497
                                      2.5      1.000      2.299        0.498
                                      5.0      1.000      3.542        0.499
                                      7.5      1.000      4.792        0.479
                                     10.0      1.000      5.939        0.425
                                     15.0      1.000      7.730        0.266
                                     17.0      1.000      8.189        0.182
                                     18.0      1.000      8.348        0.136
                                     19.5      1.000      8.501        0.102
1                               AUTOMATED STABILITY AND CONTROL METHODS PER APRIL 1976 VERSION OF DATCOM
                                                         DYNAMIC DERIVATIVES
                                        WING-BODY-VERTICAL TAIL-HORIZONTAL TAIL CONFIGURATION
                                     Wing + Body + Vertical Tail + Horizontal Tail + Elevator
 
 -----------------------  FLIGHT CONDITIONS  ------------------------           --------------  REFERENCE DIMENSIONS  ------------
  MACH    ALTITUDE   VELOCITY    PRESSURE    TEMPERATURE     REYNOLDS             REF.      REFERENCE LENGTH   MOMENT REF. CENTER
 NUMBER                                                       NUMBER              AREA       LONG.     LAT.     HORIZ      VERT
              M        M/SEC      N/ M**2       DEG K         1/ M                M**2         M         M         M         M
0 0.160    1500.00      53.51   8.4560E+04     278.402     3.2359E+06            16.395      1.511    10.980     2.110     1.260
                                                    DYNAMIC DERIVATIVES (PER RADIAN)
0           -------PITCHING-------    -----ACCELERATION------    --------------ROLLING--------------    --------YAWING--------
0   ALPHA       CLQ          CMQ           CLAD         CMAD         CLP          CYP          CNP          CNR          CLR
0
    -7.50    7.341E+00   -1.473E+01     2.706E+00   -7.975E+00   -4.997E-01   -3.865E-02    3.240E-02   -4.725E-02   -8.936E-02
    -5.00                               2.816E+00   -8.301E+00   -4.700E-01   -4.160E-02    1.780E-02   -4.628E-02   -4.578E-02
    -2.50                               2.762E+00   -8.140E+00   -4.506E-01   -4.408E-02    3.490E-03   -4.656E-02   -4.974E-03
     0.00                               2.728E+00   -8.039E+00   -4.609E-01   -4.640E-02   -1.077E-02   -4.790E-02    3.494E-02
     2.50                               2.736E+00   -8.063E+00   -4.884E-01   -4.907E-02   -2.541E-02   -5.041E-02    7.764E-02
     5.00                               2.737E+00   -8.067E+00   -5.101E-01   -5.202E-02   -4.029E-02   -5.431E-02    1.226E-01
     7.50                               2.632E+00   -7.757E+00   -5.250E-01   -5.519E-02   -5.554E-02   -5.973E-02    1.692E-01
    10.00                               2.336E+00   -6.884E+00   -4.942E-01   -5.897E-02   -7.449E-02   -6.672E-02    2.167E-01
    15.00                               1.463E+00   -4.312E+00   -3.040E-01   -6.508E-02   -1.186E-01   -8.067E-02    2.905E-01
    17.00                               1.001E+00   -2.952E+00   -2.067E-01   -6.617E-02   -1.348E-01   -8.441E-02    3.075E-01
    18.00                               7.468E-01   -2.201E+00   -1.537E-01   -6.647E-02   -1.423E-01   -8.569E-02    3.131E-01
    19.50                               5.597E-01   -1.650E+00   -7.018E-02   -6.555E-02   -1.495E-01   -8.669E-02    3.176E-01
1                            AUTOMATED STABILITY AND CONTROL METHODS PER APRIL 1976 VERSION OF DATCOM
                                         CHARACTERISTICS OF HIGH LIFT AND CONTROL DEVICES
                                            TAIL PLAIN TRAILING-EDGE FLAP CONFIGURATION
                                     Wing + Body + Vertical Tail + Horizontal Tail + Elevator
 -----------------------  FLIGHT CONDITIONS  ------------------------           --------------  REFERENCE DIMENSIONS  ------------
  MACH    ALTITUDE   VELOCITY    PRESSURE    TEMPERATURE     REYNOLDS             REF.      REFERENCE LENGTH   MOMENT REF. CENTER
 NUMBER                                                       NUMBER              AREA       LONG.     LAT.     HORIZ      VERT
              M        M/SEC      N/ M**2       DEG K         1/ M                M**2         M         M         M         M
0 0.160    1500.00      53.51   3.6885E+01     902.023     3.0062E+05            16.395      1.511    10.980     2.110     1.260
0            ---------INCREMENTS DUE TO DEFLECTION---------              ---DERIVATIVES (PER DEGREE)---
0     DELTA     D(CL)     D(CM)    D(CL MAX)    D(CD MIN)                (CLA)D     (CH)A       (CH)D


      -26.0    -0.148     0.3439     0.122      0.01711                  NDM      -6.430E-03  -1.417E-02
      -20.0    -0.137     0.3180     0.101      0.01059                  NDM                  -1.337E-02
      -10.0    -0.094     0.2133     0.058      0.00382                  NDM                  -1.170E-02
       -5.0    -0.047     0.1067     0.030      0.00187                  NDM                  -1.170E-02
        0.0     0.000    -0.0002     0.000      0.00000                  NDM                  -1.170E-02
        7.5     0.070    -0.1600     0.044      0.00283                  NDM                  -1.170E-02
       15.0     0.132    -0.3004     0.081      0.00691                  NDM                  -1.209E-02
       22.5     0.140    -0.3238     0.110      0.01316                  NDM                  -1.383E-02
       28.0     0.154    -0.3586     0.128      0.01983                  NDM                  -1.431E-02
0  *** NOTE * HINGE MOMENT DERIVATIVES ARE BASED ON TWICE THE AREA-MOMENT OF THE CONTROL ABOUT ITS HINGE LINE

0            --------- INDUCED DRAG COEFFICIENT INCREMENT , D(CDI) , DUE TO DEFLECTION ---------
0       DELTA = -26.0     -20.0     -10.0      -5.0       0.0       7.5      15.0      22.5      28.0
   ALPHA
0
    -7.5        1.30E-02  1.15E-02  6.36E-03  2.42E-03 -3.32E-06 -7.76E-04  1.36E-03  1.84E-03  2.81E-03
    -5.0        1.15E-02  1.01E-02  5.42E-03  1.95E-03 -2.38E-06 -7.10E-05  2.68E-03  3.25E-03  4.35E-03
    -2.5        9.88E-03  8.65E-03  4.42E-03  1.45E-03 -1.38E-06  6.78E-04  4.09E-03  4.74E-03  6.00E-03
     0.0        8.23E-03  7.12E-03  3.39E-03  9.34E-04 -3.42E-07  1.45E-03  5.54E-03  6.29E-03  7.71E-03
     2.5        6.61E-03  5.61E-03  2.37E-03  4.21E-04  6.83E-07  2.22E-03  6.99E-03  7.82E-03  9.40E-03
     5.0        4.97E-03  4.10E-03  1.34E-03 -9.28E-05  1.71E-06  2.99E-03  8.43E-03  9.36E-03  1.11E-02
     7.5        3.35E-03  2.59E-03  3.13E-04 -6.05E-04  2.73E-06  3.76E-03  9.87E-03  1.09E-02  1.28E-02
    10.0        1.59E-03  9.58E-04 -7.94E-04 -1.16E-03  3.84E-06  4.59E-03  1.14E-02  1.25E-02  1.46E-02
    15.0       -2.59E-03 -2.91E-03 -3.42E-03 -2.47E-03  6.47E-06  6.56E-03  1.51E-02  1.65E-02  1.89E-02
    17.0       -4.59E-03 -4.77E-03 -4.68E-03 -3.10E-03  7.73E-06  7.51E-03  1.69E-02  1.84E-02  2.10E-02
    18.0       -5.68E-03 -5.79E-03 -5.37E-03 -3.45E-03  8.42E-06  8.02E-03  1.79E-02  1.94E-02  2.21E-02
    19.5       -7.43E-03 -7.41E-03 -6.47E-03 -4.00E-03  9.52E-06  8.85E-03  1.94E-02  2.10E-02  2.40E-02
0***NDM PRINTED WHEN NO DATCOM METHODS EXIST
 Return to main program from M57O71
1 END OF JOB.
